$ python calibration_example.py

SSE at the best node = 67.034011   (stored 67.034)
|difference| = 0.0000   (stored value is quoted to 3 decimals)
PASS
[runtime 28 s]

$ python aggregate.py
  g2_summary.csv                   147 rows   max|rebuilt-stored| = 4.986e-11  (column 'wbar')
  definedness_continuous.csv        21 rows   max|rebuilt-stored| = 4.821e-09  (column 't_cross_first_mean')

logistic 50% points (binomial GLM, 2000-replicate percentile bootstrap, rng seed 20260925):
  event  50% = 1.3962  [1.3885, 1.4035]   slope -14.6641   deviance 15.2 on 19 df  (n_boot 2000)
  24000  50% = 1.4054  [1.3981, 1.4130]   slope -14.4081   deviance 14.5 on 19 df  (n_boot 2000)
  1200   50% = 1.3421  [1.3344, 1.3495]   slope -14.1733   deviance 18.6 on 19 df  (n_boot 2000)
  convolution prediction (not a fit): 1.3860

G2 at x_read = 10 Delta, mean against across-draw scatter:
  sd/Delta 1.20   mean 1.237130e-04   sd 7.606507e-05   mean > scatter   frac positive 0.969
  sd/Delta 1.25   mean 9.720559e-05   sd 8.326745e-05   mean > scatter   frac positive 0.906
  sd/Delta 1.30   mean 7.069492e-05   sd 9.119210e-05   SCATTER EXCEEDS MEAN   frac positive 0.797
  sd/Delta 1.35   mean 4.477073e-05   sd 9.798426e-05   SCATTER EXCEEDS MEAN   frac positive 0.719
  sd/Delta 1.40   mean 1.957009e-05   sd 1.056829e-04   SCATTER EXCEEDS MEAN   frac positive 0.625
  sd/Delta 1.45   mean -4.667440e-06   sd 1.130754e-04   SCATTER EXCEEDS MEAN   frac positive 0.484
[runtime 13 s]
